api
api --wrong
api delete
api delete --wrong
api delete unknown
api delete unknown --wrong
api get
api get --wrong
api get unknown
api get unknown --wrong
api head
api head --wrong
api head unknown
api head unknown --wrong
api patch
api patch --wrong
api patch unknown
api patch unknown --wrong
api post
api post --wrong
api post unknown
api post unknown --wrong
api put
api put --wrong
api put unknown
api put unknown --wrong
api unknown
api unknown --wrong
app
app --wrong
app list extra
app list extra --wrong
app show
app show --wrong
app unknown
app unknown --wrong
application
application --wrong
application list extra
application list extra --wrong
application show
application show --wrong
application unknown
application unknown --wrong
bucket
bucket --wrong
bucket list extra
bucket list extra --wrong
bucket show
bucket show --wrong
bucket unknown
bucket unknown --wrong
certificate
certificate --wrong
certificate list extra
certificate list extra --wrong
certificate show
certificate show --wrong
certificate unknown
certificate unknown --wrong
env
env --wrong
env find
env find --wrong
env unknown
env unknown --wrong
image
image --wrong
image find
image find --wrong
image list extra
image list extra --wrong
image unknown
image unknown --wrong
metric
metric --wrong
metric list extra
metric list extra --wrong
metric unknown
metric unknown --wrong
platform
platform --wrong
platform default extra
platform default extra --wrong
platform list extra
platform list extra --wrong
platform open
platform open --wrong
platform open app
platform open app --wrong
platform open console extra
platform open console extra --wrong
platform open monitoring extra
platform open monitoring extra --wrong
platform open service
platform open service --wrong
platform open swagger extra
platform open swagger extra --wrong
platform open tenant extra
platform open tenant extra --wrong
platform open tracing extra
platform open tracing extra --wrong
platform open unknown
platform open unknown --wrong
platform show unknown
platform show unknown --wrong
proxy
proxy --wrong
proxy delete
proxy delete --wrong
proxy list extra
proxy list extra --wrong
proxy show
proxy show --wrong
proxy unknown
proxy unknown --wrong
proxy update
proxy update --wrong
secret
secret --wrong
secret delete
secret delete --wrong
secret list extra
secret list extra --wrong
secret new
secret new --wrong
secret show
secret show --wrong
secret unknown
secret unknown --wrong
secret update
secret update --wrong
setting
setting --wrong
setting list extra
setting list extra --wrong
setting set
setting set --wrong
setting unknown
setting unknown --wrong
setting unset
setting unset --wrong
target
target --wrong
target delete
target delete --wrong
target list extra
target list extra --wrong
target new
target new --wrong
target unknown
target unknown --wrong
topic
topic --wrong
topic delete
topic delete --wrong
topic list extra
topic list extra --wrong
topic show
topic show --wrong
topic unknown
topic unknown --wrong
unknown
unknown --wrong
vhost
vhost --wrong
vhost list extra
vhost list extra --wrong
volume
volume --wrong
volume delete
volume delete --wrong
volume list extra
volume list extra --wrong
volume new
volume new --wrong
volume show
volume show --wrong
volume unknown
volume unknown --wrong
